<?xml version="1.0" encoding="UTF-8" ?>
<testsuites disabled="0" errors="0" failures="0" tests="5" time="0.652">
 <testsuite name="Validate Registration and Login functionality" timestamp="2023-11-14T16:44:27" hostname="localhost" time="0.652" errors="0" tests="5" skipped="0" disabled="0" failures="0">
  <testcase classname="Validate Registration and Login functionality" name="/POST login: login user" time="0.222" />
  <testcase classname="Validate Registration and Login functionality" name="/POST register: register new user" time="0.229" />
  <testcase classname="Validate Registration and Login functionality" name="/POST logout: log out user" time="0.004" />
  <testcase classname="Validate Registration and Login functionality" name="/GET articles: fetch articles for a specific user" time="0.068" />
  <testcase classname="Validate Registration and Login functionality" name="/POST articles: upload a new article" time="0.127" />
 </testsuite>
</testsuites>