<?xml version="1.0" encoding="UTF-8" ?>
<testsuites disabled="0" errors="0" failures="0" tests="5" time="0.597">
 <testsuite name="Backend tests" timestamp="2023-11-14T16:48:26" hostname="localhost" time="0.597" errors="0" tests="5" skipped="0" disabled="0" failures="0">
  <testcase classname="Backend tests" name="/POST login: login user" time="0.185" />
  <testcase classname="Backend tests" name="/POST register: register new user" time="0.217" />
  <testcase classname="Backend tests" name="/POST logout: log out user" time="0.003" />
  <testcase classname="Backend tests" name="/POST articles: upload a new article" time="0.128" />
  <testcase classname="Backend tests" name="/GET articles: fetch articles for a specific user" time="0.061" />
 </testsuite>
</testsuites>